Using API Key: ******
Using Collector ID: gd_lwxkxvnf1cynvib9co&notify
Triggering scrape...
Response Status: 200
Response Body: {"timestamp":"2026-03-09T11:50:31.557Z","input":{"url":"https://x.com/CityofMontgomAL/status/1762148784136950259"},"error":"Tweet not found.","error_code":"bad_input"}

RECEIVED DATA: {
  "timestamp": "2026-03-09T11:50:31.557Z",
  "input": {
    "url": "https://x.com/CityofMontgomAL/status/1762148784136950259"
  },
  "error": "Tweet not found.",
  "error_code": "bad_input"
}
